
   INFO  Server running on [http://127.0.0.1:8020].  

  Press Ctrl+C to stop the server

  2026-09-30 02:09:08 /up .................................................................................. ~ 0.25ms
  2026-09-30 02:09:09 /api/admin/auth/login .................................................................... ~ 1s
  2026-09-30 02:09:10 /api/admin/auth/session .............................................................. ~ 0.10ms
  2026-09-30 02:11:04 /api/admin/auth/refresh .............................................................. ~ 0.19ms
  2026-09-30 02:11:04 /api/admin/auth/refresh ............................................................ ~ 507.44ms
  2026-09-30 02:11:04 /api/admin/auth/session ............................................................ ~ 506.88ms
  2026-09-30 02:11:05 /api/admin/auth/session ............................................................ ~ 511.84ms
  2026-09-30 02:13:19 /api/admin/auth/login .............................................................. ~ 514.59ms
  2026-09-30 02:13:20 /api/admin/auth/login .............................................................. ~ 515.75ms
  2026-09-30 02:13:49 /api/admin/auth/login .............................................................. ~ 512.77ms
  2026-09-30 02:13:49 /api/admin/auth/login .............................................................. ~ 519.68ms
  2026-09-30 02:15:40 /api/admin/auth/login .............................................................. ~ 505.10ms
  2026-09-30 02:15:41 /api/admin/auth/login ................................................................ ~ 0.08ms
  2026-09-30 02:17:20 /api/admin/auth/login .............................................................. ~ 515.76ms
  2026-09-30 02:17:20 /api/admin/auth/login .............................................................. ~ 508.48ms
  2026-09-30 02:18:26 /api/admin/inquiries ............................................................... ~ 508.70ms
  2026-09-30 02:18:26 /api/admin/meetings ................................................................ ~ 499.89ms
  2026-09-30 02:18:27 /api/admin/availability .............................................................. ~ 0.06ms
  2026-09-30 02:18:27 /api/admin/blocks .................................................................... ~ 0.23ms
  2026-09-30 02:18:27 /api/admin/inquiries ............................................................... ~ 515.38ms
  2026-09-30 02:18:28 /api/admin/inquiries/b13fa359-2335-4293-a580-fa7c1f165bde .......................... ~ 509.68ms
  2026-09-30 02:18:28 /api/admin/inquiries/b13fa359-2335-4293-a580-fa7c1f165bde ............................ ~ 0.03ms
  2026-09-30 02:18:28 /api/admin/auth/logout ............................................................... ~ 0.27ms
  2026-09-30 02:18:29 /api/admin/auth/session ............................................................ ~ 513.64ms
  2026-09-30 02:19:31 /api/admin/auth/login .............................................................. ~ 516.15ms
  2026-09-30 02:19:32 /api/admin/inquiries/00000000-0000-0000-0000-000000000000 .......................... ~ 509.39ms
  2026-09-30 02:19:32 /api/admin/meetings/does-not-exist ................................................. ~ 512.51ms
  2026-09-30 02:19:33 /api/admin/blocks/nope ............................................................... ~ 0.18ms
  2026-09-30 02:19:33 /api/inquiries ..................................................................... ~ 513.13ms
  2026-09-30 02:19:34 /api/inquiries ..................................................................... ~ 500.61ms
  2026-09-30 02:19:34 /api/inquiries ..................................................................... ~ 514.36ms
  2026-09-30 02:19:59 /api/admin/meetings ................................................................ ~ 510.46ms
  2026-09-30 02:20:00 /api/meetings/availability ......................................................... ~ 515.04ms
  2026-09-30 02:20:58 /api/inquiries ....................................................................... ~ 0.23ms
  2026-09-30 02:20:59 /api/admin/meetings .................................................................. ~ 0.10ms
  2026-09-30 02:20:59 /api/admin/meetings/de8d9ea4-2264-419d-aff0-c18a259d675a ........................... ~ 512.30ms
  2026-09-30 02:20:59 /api/admin/meetings/de8d9ea4-2264-419d-aff0-c18a259d675a ............................. ~ 0.09ms
  2026-09-30 02:20:59 /api/inquiries ....................................................................... ~ 0.17ms
  2026-09-30 02:21:32 /api/inquiries ....................................................................... ~ 0.13ms
  2026-09-30 02:21:33 /api/inquiries ....................................................................... ~ 0.26ms
  2026-09-30 02:22:11 /api/admin/inquiries ............................................................... ~ 515.12ms
  2026-09-30 02:22:11 /api/admin/inquiries/77a47965-8e8a-4505-853a-0277c87204bb ............................ ~ 0.08ms
  2026-09-30 02:22:12 /api/admin/meetings .................................................................. ~ 0.17ms
  2026-09-30 02:26:26 /api/admin/auth/refresh ............................................................ ~ 499.68ms
  2026-09-30 02:26:26 /api/admin/auth/session ............................................................ ~ 514.20ms
  2026-09-30 02:27:53 /api/admin/inquiries ............................................................... ~ 514.43ms
